
> temp_project@0.0.0 build
> tsc -b && vite build

src/App.tsx(12,10): error TS1484: 'Playlist' is a type and must be imported using a type-only import when 'verbatimModuleSyntax' is enabled.
src/App.tsx(12,20): error TS1484: 'PlayerState' is a type and must be imported using a type-only import when 'verbatimModuleSyntax' is enabled.
src/App.tsx(12,33): error TS1484: 'Track' is a type and must be imported using a type-only import when 'verbatimModuleSyntax' is enabled.
src/components/PlaylistDetail.tsx(2,10): error TS1484: 'Playlist' is a type and must be imported using a type-only import when 'verbatimModuleSyntax' is enabled.
src/components/PlaylistDetail.tsx(2,20): error TS1484: 'Track' is a type and must be imported using a type-only import when 'verbatimModuleSyntax' is enabled.
src/components/Playlists.tsx(3,10): error TS1484: 'Playlist' is a type and must be imported using a type-only import when 'verbatimModuleSyntax' is enabled.
src/components/PreviewPlayer.tsx(2,10): error TS1484: 'PlayerState' is a type and must be imported using a type-only import when 'verbatimModuleSyntax' is enabled.
src/components/TopTracks.tsx(3,10): error TS1484: 'Track' is a type and must be imported using a type-only import when 'verbatimModuleSyntax' is enabled.
src/data/mockData.ts(1,10): error TS1484: 'Playlist' is a type and must be imported using a type-only import when 'verbatimModuleSyntax' is enabled.
src/data/mockData.ts(1,20): error TS1484: 'Track' is a type and must be imported using a type-only import when 'verbatimModuleSyntax' is enabled.
